20:42:03 **** Incremental Build of configuration Debug for project erdenerimaydogdu ****
make -j12 all 
arm-none-eabi-gcc "../Core/Src/main.c" -mcpu=cortex-m4 -std=gnu11 -g3 -DDEBUG -DUSE_HAL_DRIVER -DSTM32F401xC -c -I../Core/Inc -I../Drivers/STM32F4xx_HAL_Driver/Inc -I../Drivers/STM32F4xx_HAL_Driver/Inc/Legacy -I../Drivers/CMSIS/Device/ST/STM32F4xx/Include -I../Drivers/CMSIS/Include -O0 -ffunction-sections -fdata-sections -Wall -fstack-usage -fcyclomatic-complexity -MMD -MP -MF"Core/Src/main.d" -MT"Core/Src/main.o" --specs=nano.specs -mfpu=fpv4-sp-d16 -mfloat-abi=hard -mthumb -o "Core/Src/main.o"
arm-none-eabi-gcc -o "erdenerimaydogdu.elf" @"objects.list"   -mcpu=cortex-m4 -T"C:\Users\User\Desktop\erdenerimaydogdu\erdenerimaydogdu\STM32F401CBUX_FLASH.ld" --specs=nosys.specs -Wl,-Map="erdenerimaydogdu.map" -Wl,--gc-sections -static --specs=nano.specs -mfpu=fpv4-sp-d16 -mfloat-abi=hard -mthumb -Wl,--start-group -lc -lm -Wl,--end-group
Finished building target: erdenerimaydogdu.elf
 
arm-none-eabi-size   erdenerimaydogdu.elf 
arm-none-eabi-objdump -h -S  erdenerimaydogdu.elf  > "erdenerimaydogdu.list"
   text	   data	    bss	    dec	    hex	filename
   2188	     32	   1576	   3796	    ed4	erdenerimaydogdu.elf
Finished building: default.size.stdout
 
Finished building: erdenerimaydogdu.list
 
